(74-23)*2 + 23 + 1 = 126 species    (332-24)*2 + 24 + (74-23)*2 = 742 rxns